// Jest Snapshot v1, https://goo.gl/fbAQLP

exports[`IssueLibrary render component as expected 1`] = `<DocumentFragment />`;
