// Jest Snapshot v1, https://goo.gl/fbAQLP

exports[`SearchLibrary render component as expected 1`] = `
<DocumentFragment>
  <div
    class="MuiGrid-root MuiGrid-container MuiGrid-direction-xs-column MuiGrid-align-items-xs-center MuiGrid-justify-xs-center"
  >
    <header
      class="MuiPaper-root MuiAppBar-root MuiAppBar-positionFixed MuiAppBar-colorPrimary mui-fixed MuiPaper-elevation4"
    >
      <div
        class="MuiToolbar-root MuiToolbar-dense MuiToolbar-gutters"
      >
        <h4
          class="MuiTypography-root MuiTypography-h4 MuiTypography-colorInherit"
        >
          Github Library
        </h4>
      </div>
    </header>
  </div>
  <div
    class="MuiGrid-root MuiGrid-container MuiGrid-direction-xs-column MuiGrid-align-items-xs-center MuiGrid-justify-xs-center"
  >
    <div
      class="MuiBox-root MuiBox-root-3 makeStyles-boxContainer-2"
    >
      <div
        class="MuiFormControl-root MuiTextField-root MuiFormControl-fullWidth"
      >
        <div
          class="MuiInputBase-root MuiOutlinedInput-root MuiInputBase-fullWidth MuiInputBase-formControl"
        >
          <input
            aria-invalid="false"
            class="MuiInputBase-input MuiOutlinedInput-input"
            data-testid="search-pattern-text-test-id"
            placeholder="Search by keyword or username"
            type="text"
            value=""
          />
          <fieldset
            aria-hidden="true"
            class="PrivateNotchedOutline-root-4 MuiOutlinedInput-notchedOutline"
            style="padding-left: 8px;"
          >
            <legend
              class="PrivateNotchedOutline-legend-5"
              style="width: 0.01px;"
            >
              <span>
                â€‹
              </span>
            </legend>
          </fieldset>
        </div>
      </div>
    </div>
    <div
      class="MuiBox-root MuiBox-root-8 makeStyles-button-1"
    >
      <button
        class="MuiButtonBase-root MuiButton-root MuiButton-contained MuiButton-containedPrimary Mui-disabled Mui-disabled"
        data-testid="search-button-test-id"
        disabled=""
        tabindex="-1"
        type="button"
      >
        <span
          class="MuiButton-label"
        >
          Search
        </span>
      </button>
    </div>
    <div
      class="MuiBox-root MuiBox-root-9"
    >
      <div
        class="MuiGrid-root MuiGrid-container MuiGrid-direction-xs-column MuiGrid-align-items-xs-center MuiGrid-justify-xs-center"
      >
        <h5
          class="MuiTypography-root makeStyles-typoGraphy-11 MuiTypography-h5 MuiTypography-colorPrimary"
        >
           Repository Details
        </h5>
        <div
          class="MuiPaper-root makeStyles-root-10 MuiPaper-elevation1 MuiPaper-rounded"
        >
          <div
            class="MuiTableContainer-root"
          >
            <table
              aria-label="sticky table"
              class="MuiTable-root makeStyles-table-12 MuiTable-stickyHeader"
            >
              <thead
                class="MuiTableHead-root"
              >
                <tr
                  class="MuiTableRow-root MuiTableRow-head"
                >
                  <th
                    class="MuiTableCell-root MuiTableCell-head MuiTableCell-stickyHeader"
                    scope="col"
                    style="min-width: 100px;"
                  >
                    Name
                  </th>
                  <th
                    class="MuiTableCell-root MuiTableCell-head MuiTableCell-alignRight MuiTableCell-stickyHeader"
                    scope="col"
                    style="min-width: 170px;"
                  >
                    Stars
                  </th>
                  <th
                    class="MuiTableCell-root MuiTableCell-head MuiTableCell-alignRight MuiTableCell-stickyHeader"
                    scope="col"
                    style="min-width: 170px;"
                  >
                    Forks
                  </th>
                  <th
                    class="MuiTableCell-root MuiTableCell-head MuiTableCell-alignRight MuiTableCell-stickyHeader"
                    scope="col"
                    style="min-width: 170px;"
                  >
                    Issues
                  </th>
                </tr>
              </thead>
              <tbody
                class="MuiTableBody-root"
              >
                <tr
                  class="MuiTableRow-root MuiTableRow-hover"
                  role="checkbox"
                  tabindex="-1"
                >
                  <td
                    class="MuiTableCell-root MuiTableCell-body"
                  >
                    React
                  </td>
                  <td
                    class="MuiTableCell-root MuiTableCell-body MuiTableCell-alignRight"
                  >
                    2,000
                  </td>
                  <td
                    class="MuiTableCell-root MuiTableCell-body MuiTableCell-alignRight"
                  >
                    100
                  </td>
                  <td
                    class="MuiTableCell-root MuiTableCell-body MuiTableCell-alignRight"
                  >
                    200
                  </td>
                </tr>
                <tr
                  class="MuiTableRow-root MuiTableRow-hover"
                  role="checkbox"
                  tabindex="-1"
                >
                  <td
                    class="MuiTableCell-root MuiTableCell-body"
                  >
                    Vue
                  </td>
                  <td
                    class="MuiTableCell-root MuiTableCell-body MuiTableCell-alignRight"
                  >
                    3,000
                  </td>
                  <td
                    class="MuiTableCell-root MuiTableCell-body MuiTableCell-alignRight"
                  >
                    200
                  </td>
                  <td
                    class="MuiTableCell-root MuiTableCell-body MuiTableCell-alignRight"
                  >
                    300
                  </td>
                </tr>
                <tr
                  class="MuiTableRow-root MuiTableRow-hover"
                  role="checkbox"
                  tabindex="-1"
                >
                  <td
                    class="MuiTableCell-root MuiTableCell-body"
                  >
                    Angular
                  </td>
                  <td
                    class="MuiTableCell-root MuiTableCell-body MuiTableCell-alignRight"
                  >
                    4,000
                  </td>
                  <td
                    class="MuiTableCell-root MuiTableCell-body MuiTableCell-alignRight"
                  >
                    300
                  </td>
                  <td
                    class="MuiTableCell-root MuiTableCell-body MuiTableCell-alignRight"
                  >
                    400
                  </td>
                </tr>
                <tr
                  class="MuiTableRow-root MuiTableRow-hover"
                  role="checkbox"
                  tabindex="-1"
                >
                  <td
                    class="MuiTableCell-root MuiTableCell-body"
                  >
                    Django
                  </td>
                  <td
                    class="MuiTableCell-root MuiTableCell-body MuiTableCell-alignRight"
                  >
                    5,000
                  </td>
                  <td
                    class="MuiTableCell-root MuiTableCell-body MuiTableCell-alignRight"
                  >
                    400
                  </td>
                  <td
                    class="MuiTableCell-root MuiTableCell-body MuiTableCell-alignRight"
                  >
                    500
                  </td>
                </tr>
              </tbody>
            </table>
          </div>
          <div
            class="MuiTablePagination-root"
          >
            <div
              class="MuiToolbar-root MuiToolbar-regular MuiTablePagination-toolbar MuiToolbar-gutters"
            >
              <div
                class="MuiTablePagination-spacer"
              />
              <p
                class="MuiTypography-root MuiTablePagination-caption MuiTypography-body2 MuiTypography-colorInherit"
                id="mui-5145"
              >
                Rows per page:
              </p>
              <div
                class="MuiInputBase-root MuiTablePagination-input MuiTablePagination-selectRoot"
              >
                <div
                  aria-haspopup="listbox"
                  aria-labelledby="mui-5145 mui-91655"
                  class="MuiSelect-root MuiSelect-select MuiTablePagination-select MuiSelect-selectMenu MuiInputBase-input"
                  id="mui-91655"
                  role="button"
                  tabindex="0"
                >
                  10
                </div>
                <input
                  aria-hidden="true"
                  class="MuiSelect-nativeInput"
                  tabindex="-1"
                  value="10"
                />
                <svg
                  aria-hidden="true"
                  class="MuiSvgIcon-root MuiSelect-icon MuiTablePagination-selectIcon"
                  focusable="false"
                  viewBox="0 0 24 24"
                >
                  <path
                    d="M7 10l5 5 5-5z"
                  />
                </svg>
              </div>
              <p
                class="MuiTypography-root MuiTablePagination-caption MuiTypography-body2 MuiTypography-colorInherit"
              >
                1-4 of 4
              </p>
              <div
                class="MuiTablePagination-actions"
              >
                <button
                  aria-label="Previous page"
                  class="MuiButtonBase-root MuiIconButton-root MuiIconButton-colorInherit Mui-disabled Mui-disabled"
                  disabled=""
                  tabindex="-1"
                  title="Previous page"
                  type="button"
                >
                  <span
                    class="MuiIconButton-label"
                  >
                    <svg
                      aria-hidden="true"
                      class="MuiSvgIcon-root"
                      focusable="false"
                      viewBox="0 0 24 24"
                    >
                      <path
                        d="M15.41 16.09l-4.58-4.59 4.58-4.59L14 5.5l-6 6 6 6z"
                      />
                    </svg>
                  </span>
                </button>
                <button
                  aria-label="Next page"
                  class="MuiButtonBase-root MuiIconButton-root MuiIconButton-colorInherit Mui-disabled Mui-disabled"
                  disabled=""
                  tabindex="-1"
                  title="Next page"
                  type="button"
                >
                  <span
                    class="MuiIconButton-label"
                  >
                    <svg
                      aria-hidden="true"
                      class="MuiSvgIcon-root"
                      focusable="false"
                      viewBox="0 0 24 24"
                    >
                      <path
                        d="M8.59 16.34l4.58-4.59-4.58-4.59L10 5.75l6 6-6 6z"
                      />
                    </svg>
                  </span>
                </button>
              </div>
            </div>
          </div>
        </div>
      </div>
    </div>
  </div>
</DocumentFragment>
`;
